snps_ddr_subsystem_rtl1_tessent_mbist_c10_controller.v
snps_ddr_subsystem_rtl1_tessent_mbist_c10_interface_m1.v
snps_ddr_subsystem_rtl1_tessent_mbist_c11_controller.v
snps_ddr_subsystem_rtl1_tessent_mbist_c11_interface_m1.v
snps_ddr_subsystem_rtl1_tessent_mbist_c12_controller.v
snps_ddr_subsystem_rtl1_tessent_mbist_c12_interface_m1.v
snps_ddr_subsystem_rtl1_tessent_mbist_c13_controller.v
snps_ddr_subsystem_rtl1_tessent_mbist_c13_interface_m1.v
snps_ddr_subsystem_rtl1_tessent_mbist_c13_interface_m2.v
snps_ddr_subsystem_rtl1_tessent_mbist_c1_controller.v
snps_ddr_subsystem_rtl1_tessent_mbist_c1_interface_m1.v
snps_ddr_subsystem_rtl1_tessent_mbist_c2_controller.v
snps_ddr_subsystem_rtl1_tessent_mbist_c2_interface_m1.v
snps_ddr_subsystem_rtl1_tessent_mbist_c3_controller.v
snps_ddr_subsystem_rtl1_tessent_mbist_c3_interface_m1.v
snps_ddr_subsystem_rtl1_tessent_mbist_c4_controller.v
snps_ddr_subsystem_rtl1_tessent_mbist_c4_interface_m1.v
snps_ddr_subsystem_rtl1_tessent_mbist_c5_controller.v
snps_ddr_subsystem_rtl1_tessent_mbist_c5_interface_m1.v
snps_ddr_subsystem_rtl1_tessent_mbist_c6_controller.v
snps_ddr_subsystem_rtl1_tessent_mbist_c6_interface_m1.v
snps_ddr_subsystem_rtl1_tessent_mbist_c7_controller.v
snps_ddr_subsystem_rtl1_tessent_mbist_c7_interface_m1.v
snps_ddr_subsystem_rtl1_tessent_mbist_c8_controller.v
snps_ddr_subsystem_rtl1_tessent_mbist_c8_interface_m1.v
snps_ddr_subsystem_rtl1_tessent_mbist_c9_controller.v
snps_ddr_subsystem_rtl1_tessent_mbist_c9_interface_m1.v
snps_ddr_subsystem_rtl1_tessent_mbist_c2_controller_assembly.v
snps_ddr_subsystem_rtl1_tessent_mbist_c12_controller_assembly.v
snps_ddr_subsystem_rtl1_tessent_mbist_c7_controller_assembly.v
snps_ddr_subsystem_rtl1_tessent_mbist_bap.v
snps_ddr_subsystem_rtl1_tessent_mbist_c9_controller_assembly.v
snps_ddr_subsystem_rtl1_tessent_mbist_c5_controller_assembly.v
snps_ddr_subsystem_rtl1_tessent_mbist_c8_controller_assembly.v
snps_ddr_subsystem_rtl1_tessent_mbist_c13_controller_assembly.v
snps_ddr_subsystem_rtl1_tessent_mbist_c6_controller_assembly.v
snps_ddr_subsystem_rtl1_tessent_mbist_c11_controller_assembly.v
snps_ddr_subsystem_rtl1_tessent_mbist_c4_controller_assembly.v
snps_ddr_subsystem_rtl1_tessent_mbist_c10_controller_assembly.v
snps_ddr_subsystem_rtl1_tessent_mbist_c3_controller_assembly.v
snps_ddr_subsystem_rtl1_tessent_mbist_c1_controller_assembly.v
snps_ddr_subsystem_rtl1_tessent_mbisr_register_ln05lpe_a00_mc_rf1rwp_hsr_rvt_256x64m2b1c1r2_wrapper.v
snps_ddr_subsystem_rtl1_tessent_mbisr_register_ln05lpe_a00_mc_ra1rp_hsr_lvt_1024x56m4b4c1r2_wrapper.v
snps_ddr_subsystem_rtl1_tessent_mbisr_register_ln05lpe_a00_mc_rf2rwp_hsr_rvt_128x128m1b4c1r2_wrapper.v
snps_ddr_subsystem_rtl1_tessent_mbisr_register_ln05lpe_a00_mc_ra1rwp_hsr_rvt_1536x39m4b4c1r2_wrapper.v
snps_ddr_subsystem_rtl1_tessent_mbisr_register_ln05lpe_a00_mc_ra1rp_hsr_lvt_1024x72m4b4c1r2_wrapper.v
snps_ddr_subsystem_rtl1_tessent_mbisr_register_ln05lpe_a00_mc_ra1rwp_hsr_lvt_1536x78m4b4c1r2_wrapper.v
snps_ddr_subsystem_rtl1_tessent_mbisr_register_ln05lpe_a00_mc_ra1rwp_hsr_rvt_1024x8m4b2c1r2_wrapper.v
snps_ddr_subsystem_rtl1_tessent_tdr_sri_ctrl.v
snps_ddr_subsystem_rtl1_tessent_tdr_rx_pad_en.v
snps_ddr_subsystem_rtl1_tessent_tdr_rx_data_rcv.v
snps_ddr_subsystem_rtl1_tessent_sib_3.v
snps_ddr_subsystem_rtl1_tessent_tdr_tx_mode.v
snps_ddr_subsystem_rtl1_tessent_sib_4.v
snps_ddr_subsystem_rtl1_tessent_sib_1.v
snps_ddr_subsystem_rtl1_tessent_tdr_rx_rcv_en.v
snps_ddr_subsystem_rtl1_tessent_sib_2.v
snps_ddr_subsystem_rtl1_tessent_bscan_logical_group_DEF.v
snps_ddr_subsystem_rtl1_tessent_bscan_cells.v
snps_ddr_subsystem_rtl1_tessent_bscan_interface.v
snps_ddr_subsystem_DWC_ddrphy_mem_wrap.v
snps_ddr_subsystem_DWC_uddrctl_mem_wrap.v
lpddr_p_rtl2_tessent_posedge_clock_dff_reset.v
lpddr_p_rtl2_tessent_edt_cx.v
lpddr_p_rtl2_tessent_edt_cx_tdr.v
lpddr_p_rtl2_tessent_edt_c1_int_tdr.v
lpddr_p_rtl2_tessent_edt_c1_int.v
lpddr_p_rtl2_tessent_tap_main.v
lpddr_p_rtl2_tessent_tdr_scan_mode.v
lpddr_p_rtl2_tessent_scanmux_1.v
lpddr_p_rtl2_tessent_tdr_phy.v
lpddr_p_rtl2_tessent_sib_1.v
lpddr_p_rtl2_tessent_sib_2.v
lpddr_p_rtl2_tessent_tdr_sri_ctrl.v
lpddr_p_rtl2_tessent_occ.v
lpddr_p_rtl2_tessent_ssn_scan_host_sh.v
lpddr_p_rtl2_tessent_ssn_receiver_1x_pipe_w24_1.v
lpddr_p_lpddr_subsys_wrapper.sv
lpddr_p.sv
